0.55 0.682557054836342

{"method": "fusion", "fold": "val", "n_spectra": 9631, "seconds": 1.7824130058288574, "fusion_normalization": "per_pool_v2"}

{"method": "fusion", "fold": "test", "n_spectra": 10648, "seconds": 1.9133119583129883, "fusion_normalization": "per_pool_v2"}

  method  k  estimate    ci_low   ci_high
    mass  1  3.669978  2.936893  4.522220
    mass  5 13.324800 11.214284 15.643377
    mass 20 31.964469 28.389753 35.466186
 msalign  1 33.223182 28.298139 38.426387
 msalign  5 61.366810 56.167315 66.348604
 msalign 20 83.915600 80.760878 86.816383
  embcos  1 36.124893 31.583873 40.890912
  embcos  5 63.215794 58.441939 67.545619
  embcos 20 82.414056 79.478253 85.144922
deepsets  1 13.407426 10.566731 16.524894
deepsets  5 31.339887 27.187851 35.477519
deepsets 20 53.873194 49.352125 57.942057
  fusion  1 35.176600 30.396471 40.220204
  fusion  5 64.833032 59.632639 69.879540
  fusion 20 86.158979 83.020824 88.968548
  random  1  0.425291  0.416660  0.434915
  random  5  2.126456  2.083298  2.174577
  random 20  8.505826  8.333190  8.698309

